// Jest Snapshot v1, https://goo.gl/fbAQLP

exports[`Character component renders Character 1`] = `
<DocumentFragment>
  <figure>
    <img
      alt="Booger"
      src="https://image.com/image.jpeg"
    />
    <figcaption>
      <p>
        Booger
      </p>
      <p>
        Snot
      </p>
      <p>
        Ooga Booga
      </p>
      <p>
        Picking Nose
      </p>
      <p>
        Snotty
      </p>
    </figcaption>
  </figure>
</DocumentFragment>
`;
